
> govsaathi-frontend@1.0.0 build
> tsc && vite build

node.exe : [33mThe 
CJS build of Vite's 
Node API is 
deprecated. See https:/
/vite.dev/guide/trouble
shooting.html#vite-cjs-
node-api-deprecated 
for more details.[39m
At line:1 char:1
+ & "C:\Program 
Files\nodejs/node.exe" 
"C:\Program 
Files\nodejs/node_mo 
...
+ ~~~~~~~~~~~~~~~~~~~~~
~~~~~~~~~~~~~~~~~~~~~~~
~~~~~~~~~~~~~~~~~~~~~~~
~~
    + CategoryInfo     
         : NotSpecifi  
  ed: ([33mThe CJS    
 bu...e details.[3    
9m:String) [], Rem    
oteException
    + FullyQualifiedEr 
   rorId : NativeComm  
  andError
 
[36mvite v5.4.21 [32mbuilding for production...[36m[39m
transforming...
[32mΓ£ô[39m 5 modules transformed.
[31mx[39m Build 
failed in 73ms
[31merror during 
build:
[31m[vite:build-import
-analysis] [plugin vite
:build-import-analysis]
 src/pages/Home.js 
(54:36): Failed to 
parse source for 
import analysis 
because the content 
contains invalid JS 
syntax. If you are 
using JSX, make sure 
to name the file with 
the .jsx or .tsx 
extension.[31m
file: [36mC:/Users/SWA
RNAVA/OneDrive/Desktop/
GovSathi/govsaathi-ai/f
rontend/src/pages/Home.
js:54:36[31m
[33m
52:       <header 
className="header">
53:         <div 
className="logo">
54:           
<h1>≡ƒç«≡ƒç│ GovSaathi 
AI</h1>
                       
                 ^
55:           
<p>αñ╕αñ░αñòαñ╛αñ░αÑÇ 
αñ»αÑïαñ£αñ¿αñ╛ 
αñûαÑïαñ£αÑçαñé</p>
56:         </div>
[31m
    at getRollupError (
file:///C:/Users/SWARNA
VA/OneDrive/Desktop/Gov
Sathi/govsaathi-ai/fron
tend/node_modules/rollu
p/dist/es/shared/parseA
st.js:402:41)
    at error (file:///C
:/Users/SWARNAVA/OneDri
ve/Desktop/GovSathi/gov
saathi-ai/frontend/node
_modules/rollup/dist/es
/shared/parseAst.js:398
:42)
    at Object.error (fi
le:///C:/Users/SWARNAVA
/OneDrive/Desktop/GovSa
thi/govsaathi-ai/fronte
nd/node_modules/rollup/
dist/es/shared/node-ent
ry.js:22249:20)
    at Object.error (fi
le:///C:/Users/SWARNAVA
/OneDrive/Desktop/GovSa
thi/govsaathi-ai/fronte
nd/node_modules/rollup/
dist/es/shared/node-ent
ry.js:21298:42)
    at 
Object.transform (file:
///C:/Users/SWARNAVA/On
eDrive/Desktop/GovSathi
/govsaathi-ai/frontend/
node_modules/vite/dist/
node/chunks/dep-BK3b2jB
a.js:64913:14)[39m
